182.1.85.28 - - [24/Sep/2024:16:14:21 +0000] "GET / HTTP/1.0" 500 2719 "-" "Mozilla/5.0 (Macintosh; Intel Mac OS X 10_15_7) AppleWebKit/605.1.15 (KHTML, like Gecko) Version/17.6 Safari/605.1.15"
182.1.85.28 - - [24/Sep/2024:16:14:28 +0000] "GET / HTTP/1.0" 302 369 "-" "Mozilla/5.0 (Macintosh; Intel Mac OS X 10_15_7) AppleWebKit/605.1.15 (KHTML, like Gecko) Version/17.6 Safari/605.1.15"
182.1.85.28 - - [24/Sep/2024:16:14:29 +0000] "GET /wp-admin/install.php HTTP/1.0" 200 4618 "-" "Mozilla/5.0 (Macintosh; Intel Mac OS X 10_15_7) AppleWebKit/605.1.15 (KHTML, like Gecko) Version/17.6 Safari/605.1.15"
182.1.85.28 - - [24/Sep/2024:16:14:30 +0000] "GET /wp-includes/css/dashicons.min.css?ver=6.6.2 HTTP/1.0" 200 36032 "http://143.198.192.204/wp-admin/install.php" "Mozilla/5.0 (Macintosh; Intel Mac OS X 10_15_7) AppleWebKit/605.1.15 (KHTML, like Gecko) Version/17.6 Safari/605.1.15"
182.1.85.28 - - [24/Sep/2024:16:14:30 +0000] "GET /wp-includes/js/jquery/jquery-migrate.min.js?ver=3.4.1 HTTP/1.0" 200 5180 "http://143.198.192.204/wp-admin/install.php" "Mozilla/5.0 (Macintosh; Intel Mac OS X 10_15_7) AppleWebKit/605.1.15 (KHTML, like Gecko) Version/17.6 Safari/605.1.15"
182.1.85.28 - - [24/Sep/2024:16:14:32 +0000] "GET /wp-admin/css/install.min.css?ver=6.6.2 HTTP/1.0" 200 2097 "http://143.198.192.204/wp-admin/install.php" "Mozilla/5.0 (Macintosh; Intel Mac OS X 10_15_7) AppleWebKit/605.1.15 (KHTML, like Gecko) Version/17.6 Safari/605.1.15"
182.1.85.28 - - [24/Sep/2024:16:14:33 +0000] "GET /wp-admin/images/wordpress-logo.svg?ver=20131107 HTTP/1.0" 200 1774 "http://143.198.192.204/wp-admin/install.php" "Mozilla/5.0 (Macintosh; Intel Mac OS X 10_15_7) AppleWebKit/605.1.15 (KHTML, like Gecko) Version/17.6 Safari/605.1.15"
182.1.85.28 - - [24/Sep/2024:16:14:54 +0000] "POST /wp-admin/install.php?step=1 HTTP/1.0" 200 2640 "http://143.198.192.204/wp-admin/install.php" "Mozilla/5.0 (Macintosh; Intel Mac OS X 10_15_7) AppleWebKit/605.1.15 (KHTML, like Gecko) Version/17.6 Safari/605.1.15"
182.1.85.28 - - [24/Sep/2024:16:14:54 +0000] "GET /wp-includes/js/dist/hooks.min.js?ver=2810c76e705dd1a53b18 HTTP/1.0" 200 1849 "http://143.198.192.204/wp-admin/install.php?step=1" "Mozilla/5.0 (Macintosh; Intel Mac OS X 10_15_7) AppleWebKit/605.1.15 (KHTML, like Gecko) Version/17.6 Safari/605.1.15"
182.1.85.28 - - [24/Sep/2024:16:14:54 +0000] "GET /wp-includes/js/wp-util.min.js?ver=6.6.2 HTTP/1.0" 200 1062 "http://143.198.192.204/wp-admin/install.php?step=1" "Mozilla/5.0 (Macintosh; Intel Mac OS X 10_15_7) AppleWebKit/605.1.15 (KHTML, like Gecko) Version/17.6 Safari/605.1.15"
172.18.0.1 - - [24/Sep/2024:16:15:07 +0000] "POST /wp-cron.php?doing_wp_cron=1727194507.4056038856506347656250 HTTP/1.0" 200 285 "-" "WordPress/6.6.2; http://143.198.192.204"
172.18.0.1 - - [24/Sep/2024:16:15:07 +0000] "GET /2024/09/24/hello-world/ HTTP/1.0" 200 14633 "-" "WordPress/6.6.2; http://143.198.192.204"
182.1.85.28 - - [24/Sep/2024:16:15:06 +0000] "POST /wp-admin/install.php?step=2 HTTP/1.0" 200 1537 "http://143.198.192.204/wp-admin/install.php?step=1" "Mozilla/5.0 (Macintosh; Intel Mac OS X 10_15_7) AppleWebKit/605.1.15 (KHTML, like Gecko) Version/17.6 Safari/605.1.15"
182.1.85.28 - - [24/Sep/2024:16:15:08 +0000] "GET /wp-login.php HTTP/1.0" 200 2105 "http://143.198.192.204/wp-admin/install.php?step=2" "Mozilla/5.0 (Macintosh; Intel Mac OS X 10_15_7) AppleWebKit/605.1.15 (KHTML, like Gecko) Version/17.6 Safari/605.1.15"
182.1.85.28 - - [24/Sep/2024:16:15:11 +0000] "POST /wp-login.php HTTP/1.0" 302 1116 "http://143.198.192.204/wp-login.php" "Mozilla/5.0 (Macintosh; Intel Mac OS X 10_15_7) AppleWebKit/605.1.15 (KHTML, like Gecko) Version/17.6 Safari/605.1.15"
182.1.85.28 - - [24/Sep/2024:16:15:11 +0000] "GET /wp-admin/ HTTP/1.0" 200 17947 "http://143.198.192.204/wp-login.php" "Mozilla/5.0 (Macintosh; Intel Mac OS X 10_15_7) AppleWebKit/605.1.15 (KHTML, like Gecko) Version/17.6 Safari/605.1.15"
182.1.85.28 - - [24/Sep/2024:16:15:15 +0000] "GET /wp-includes/js/wp-ajax-response.min.js?ver=6.6.2 HTTP/1.0" 200 1398 "http://143.198.192.204/wp-admin/" "Mozilla/5.0 (Macintosh; Intel Mac OS X 10_15_7) AppleWebKit/605.1.15 (KHTML, like Gecko) Version/17.6 Safari/605.1.15"
182.1.85.28 - - [24/Sep/2024:16:15:15 +0000] "GET /wp-includes/js/thickbox/thickbox.css?ver=6.6.2 HTTP/1.0" 200 1238 "http://143.198.192.204/wp-admin/" "Mozilla/5.0 (Macintosh; Intel Mac OS X 10_15_7) AppleWebKit/605.1.15 (KHTML, like Gecko) Version/17.6 Safari/605.1.15"
182.1.85.28 - - [24/Sep/2024:16:15:15 +0000] "GET /wp-includes/js/jquery/jquery.query.js?ver=2.2.3 HTTP/1.0" 200 1934 "http://143.198.192.204/wp-admin/" "Mozilla/5.0 (Macintosh; Intel Mac OS X 10_15_7) AppleWebKit/605.1.15 (KHTML, like Gecko) Version/17.6 Safari/605.1.15"
182.1.85.28 - - [24/Sep/2024:16:15:15 +0000] "GET /wp-includes/js/wp-lists.min.js?ver=6.6.2 HTTP/1.0" 200 2842 "http://143.198.192.204/wp-admin/" "Mozilla/5.0 (Macintosh; Intel Mac OS X 10_15_7) AppleWebKit/605.1.15 (KHTML, like Gecko) Version/17.6 Safari/605.1.15"
182.1.85.28 - - [24/Sep/2024:16:15:15 +0000] "GET /wp-includes/js/jquery/ui/menu.min.js?ver=1.13.3 HTTP/1.0" 200 3366 "http://143.198.192.204/wp-admin/" "Mozilla/5.0 (Macintosh; Intel Mac OS X 10_15_7) AppleWebKit/605.1.15 (KHTML, like Gecko) Version/17.6 Safari/605.1.15"
172.18.0.1 - - [24/Sep/2024:16:15:15 +0000] "POST /wp-cron.php?doing_wp_cron=1727194515.7092359066009521484375 HTTP/1.0" 200 285 "-" "WordPress/6.6.2; http://143.198.192.204"
182.1.85.28 - - [24/Sep/2024:16:15:15 +0000] "GET /wp-admin/admin-ajax.php?action=wp-compression-test&test=1&_ajax_nonce=6d282b4325&1727194515592 HTTP/1.0" 200 1102 "http://143.198.192.204/wp-admin/" "Mozilla/5.0 (Macintosh; Intel Mac OS X 10_15_7) AppleWebKit/605.1.15 (KHTML, like Gecko) Version/17.6 Safari/605.1.15"
182.1.85.28 - - [24/Sep/2024:16:15:15 +0000] "GET /wp-admin/admin-ajax.php?action=wp-compression-test&test=no&_ajax_nonce=6d282b4325&1727194515751 HTTP/1.0" 200 453 "http://143.198.192.204/wp-admin/" "Mozilla/5.0 (Macintosh; Intel Mac OS X 10_15_7) AppleWebKit/605.1.15 (KHTML, like Gecko) Version/17.6 Safari/605.1.15"
182.1.85.28 - - [24/Sep/2024:16:15:15 +0000] "POST /wp-admin/admin-ajax.php HTTP/1.0" 200 1091 "http://143.198.192.204/wp-admin/" "Mozilla/5.0 (Macintosh; Intel Mac OS X 10_15_7) AppleWebKit/605.1.15 (KHTML, like Gecko) Version/17.6 Safari/605.1.15"
182.1.85.28 - - [24/Sep/2024:16:15:15 +0000] "GET /wp-admin/admin-ajax.php?action=dashboard-widgets&widget=dashboard_primary&pagenow=dashboard HTTP/1.0" 200 847 "http://143.198.192.204/wp-admin/" "Mozilla/5.0 (Macintosh; Intel Mac OS X 10_15_7) AppleWebKit/605.1.15 (KHTML, like Gecko) Version/17.6 Safari/605.1.15"
182.1.85.28 - - [24/Sep/2024:16:15:44 +0000] "GET /wp-admin/plugins.php HTTP/1.0" 200 11696 "http://143.198.192.204/wp-admin/" "Mozilla/5.0 (Macintosh; Intel Mac OS X 10_15_7) AppleWebKit/605.1.15 (KHTML, like Gecko) Version/17.6 Safari/605.1.15"
182.1.85.28 - - [24/Sep/2024:16:15:46 +0000] "GET /wp-admin/plugins.php HTTP/1.0" 200 11703 "http://143.198.192.204/wp-admin/" "Mozilla/5.0 (Macintosh; Intel Mac OS X 10_15_7) AppleWebKit/605.1.15 (KHTML, like Gecko) Version/17.6 Safari/605.1.15"
182.1.85.28 - - [24/Sep/2024:16:15:49 +0000] "GET /wp-admin/plugins.php?action=activate&plugin=learnpress%2Flearnpress.php&plugin_status=all&paged=1&s&_wpnonce=323fd7f8c8 HTTP/1.0" 302 510 "http://143.198.192.204/wp-admin/plugins.php" "Mozilla/5.0 (Macintosh; Intel Mac OS X 10_15_7) AppleWebKit/605.1.15 (KHTML, like Gecko) Version/17.6 Safari/605.1.15"
182.1.85.28 - - [24/Sep/2024:16:15:50 +0000] "GET /wp-admin/plugins.php?activate=true&plugin_status=all&paged=1&s= HTTP/1.0" 200 14151 "http://143.198.192.204/wp-admin/plugins.php" "Mozilla/5.0 (Macintosh; Intel Mac OS X 10_15_7) AppleWebKit/605.1.15 (KHTML, like Gecko) Version/17.6 Safari/605.1.15"
182.1.85.28 - - [24/Sep/2024:16:15:50 +0000] "GET /wp-content/plugins/learnpress/assets/js/dist/loadAJAX.min.js?ver=1.0.2 HTTP/1.0" 200 1406 "http://143.198.192.204/wp-admin/plugins.php?activate=true&plugin_status=all&paged=1&s=" "Mozilla/5.0 (Macintosh; Intel Mac OS X 10_15_7) AppleWebKit/605.1.15 (KHTML, like Gecko) Version/17.6 Safari/605.1.15"
182.1.85.28 - - [24/Sep/2024:16:15:50 +0000] "GET /wp-content/plugins/learnpress/assets/src/css/vendor/jquery-ui-timepicker-addon.css?ver=1.0.2 HTTP/1.0" 200 818 "http://143.198.192.204/wp-admin/plugins.php?activate=true&plugin_status=all&paged=1&s=" "Mozilla/5.0 (Macintosh; Intel Mac OS X 10_15_7) AppleWebKit/605.1.15 (KHTML, like Gecko) Version/17.6 Safari/605.1.15"
182.1.85.28 - - [24/Sep/2024:16:15:50 +0000] "GET /wp-content/plugins/learnpress/assets/js/dist/admin/admin-notices.min.js?ver=4.2.6.5 HTTP/1.0" 200 1225 "http://143.198.192.204/wp-admin/plugins.php?activate=true&plugin_status=all&paged=1&s=" "Mozilla/5.0 (Macintosh; Intel Mac OS X 10_15_7) AppleWebKit/605.1.15 (KHTML, like Gecko) Version/17.6 Safari/605.1.15"
172.18.0.1 - - [24/Sep/2024:16:15:50 +0000] "POST /?lp_test_wp_remote=1 HTTP/1.0" 200 206 "-" "WordPress/6.6.2; http://143.198.192.204"
182.1.85.28 - - [24/Sep/2024:16:15:50 +0000] "POST /wp-json/lp/v1/admin/tools/admin-notices HTTP/1.0" 200 1065 "http://143.198.192.204/wp-admin/plugins.php?plugin_status=all&paged=1&s" "Mozilla/5.0 (Macintosh; Intel Mac OS X 10_15_7) AppleWebKit/605.1.15 (KHTML, like Gecko) Version/17.6 Safari/605.1.15"
182.1.85.28 - - [24/Sep/2024:16:15:51 +0000] "GET /wp-admin/edit-tags.php?taxonomy=course_category HTTP/1.0" 200 11666 "http://143.198.192.204/wp-admin/plugins.php?plugin_status=all&paged=1&s" "Mozilla/5.0 (Macintosh; Intel Mac OS X 10_15_7) AppleWebKit/605.1.15 (KHTML, like Gecko) Version/17.6 Safari/605.1.15"
182.1.85.28 - - [24/Sep/2024:16:15:51 +0000] "GET /wp-admin/js/tags.min.js?ver=6.6.2 HTTP/1.0" 200 1253 "http://143.198.192.204/wp-admin/edit-tags.php?taxonomy=course_category" "Mozilla/5.0 (Macintosh; Intel Mac OS X 10_15_7) AppleWebKit/605.1.15 (KHTML, like Gecko) Version/17.6 Safari/605.1.15"
172.18.0.1 - - [24/Sep/2024:16:15:51 +0000] "POST /?lp_test_wp_remote=1 HTTP/1.0" 200 206 "-" "WordPress/6.6.2; http://143.198.192.204"
182.1.85.28 - - [24/Sep/2024:16:15:51 +0000] "POST /wp-json/lp/v1/admin/tools/admin-notices HTTP/1.0" 200 1065 "http://143.198.192.204/wp-admin/edit-tags.php?taxonomy=course_category" "Mozilla/5.0 (Macintosh; Intel Mac OS X 10_15_7) AppleWebKit/605.1.15 (KHTML, like Gecko) Version/17.6 Safari/605.1.15"
182.1.85.28 - - [24/Sep/2024:16:15:53 +0000] "GET /wp-admin/admin.php?page=learn-press-tools HTTP/1.0" 200 12972 "http://143.198.192.204/wp-admin/edit-tags.php?taxonomy=course_category" "Mozilla/5.0 (Macintosh; Intel Mac OS X 10_15_7) AppleWebKit/605.1.15 (KHTML, like Gecko) Version/17.6 Safari/605.1.15"
182.1.85.28 - - [24/Sep/2024:16:15:53 +0000] "GET /wp-includes/js/dist/vendor/react-dom.min.js?ver=18.3.1 HTTP/1.0" 200 43237 "http://143.198.192.204/wp-admin/admin.php?page=learn-press-tools" "Mozilla/5.0 (Macintosh; Intel Mac OS X 10_15_7) AppleWebKit/605.1.15 (KHTML, like Gecko) Version/17.6 Safari/605.1.15"
172.18.0.1 - - [24/Sep/2024:16:15:53 +0000] "POST /?lp_test_wp_remote=1 HTTP/1.0" 200 206 "-" "WordPress/6.6.2; http://143.198.192.204"
182.1.85.28 - - [24/Sep/2024:16:15:53 +0000] "POST /wp-json/lp/v1/admin/tools/admin-notices HTTP/1.0" 200 1065 "http://143.198.192.204/wp-admin/admin.php?page=learn-press-tools" "Mozilla/5.0 (Macintosh; Intel Mac OS X 10_15_7) AppleWebKit/605.1.15 (KHTML, like Gecko) Version/17.6 Safari/605.1.15"
172.18.0.1 - - [24/Sep/2024:16:15:59 +0000] "POST /wp-admin/admin-post.php HTTP/1.0" 500 2832 "-" "WordPress/6.6.2; http://143.198.192.204"
182.1.85.28 - - [24/Sep/2024:16:15:57 +0000] "GET /wp-admin/index.php?page=lp-install-sample-data&_wpnonce=1fe9e7a998&custom-name=&section-range%5B0%5D=5&section-range%5B1%5D=10&item-range%5B0%5D=10&item-range%5B1%5D=15&question-range%5B0%5D=10&question-range%5B1%5D=15&answer-range%5B0%5D=3&answer-range%5B1%5D=5&course-price= HTTP/1.0" 200 459 "http://143.198.192.204/wp-admin/admin.php?page=learn-press-tools" "Mozilla/5.0 (Macintosh; Intel Mac OS X 10_15_7) AppleWebKit/605.1.15 (KHTML, like Gecko) Version/17.6 Safari/605.1.15"
182.1.85.28 - - [24/Sep/2024:16:16:03 +0000] "GET /wp-admin/edit.php?post_type=lp_course HTTP/1.0" 200 14430 "http://143.198.192.204/wp-admin/admin.php?page=learn-press-tools" "Mozilla/5.0 (Macintosh; Intel Mac OS X 10_15_7) AppleWebKit/605.1.15 (KHTML, like Gecko) Version/17.6 Safari/605.1.15"
182.1.85.28 - - [24/Sep/2024:16:16:03 +0000] "GET /wp-content/plugins/learnpress/assets/images/no-image.png HTTP/1.0" 200 19381 "http://143.198.192.204/wp-admin/edit.php?post_type=lp_course" "Mozilla/5.0 (Macintosh; Intel Mac OS X 10_15_7) AppleWebKit/605.1.15 (KHTML, like Gecko) Version/17.6 Safari/605.1.15"
182.1.85.28 - - [24/Sep/2024:16:16:03 +0000] "GET /wp-content/plugins/learnpress/assets/js/admin/lp-duplicate-post.min.js?ver=4.2.6.5 HTTP/1.0" 200 559 "http://143.198.192.204/wp-admin/edit.php?post_type=lp_course" "Mozilla/5.0 (Macintosh; Intel Mac OS X 10_15_7) AppleWebKit/605.1.15 (KHTML, like Gecko) Version/17.6 Safari/605.1.15"
182.1.85.28 - - [24/Sep/2024:16:16:03 +0000] "POST /wp-admin/admin-ajax.php HTTP/1.0" 200 587 "http://143.198.192.204/wp-admin/edit.php?post_type=lp_course" "Mozilla/5.0 (Macintosh; Intel Mac OS X 10_15_7) AppleWebKit/605.1.15 (KHTML, like Gecko) Version/17.6 Safari/605.1.15"
172.18.0.1 - - [24/Sep/2024:16:16:03 +0000] "POST /?lp_test_wp_remote=1 HTTP/1.0" 200 206 "-" "WordPress/6.6.2; http://143.198.192.204"
182.1.85.28 - - [24/Sep/2024:16:16:03 +0000] "POST /wp-json/lp/v1/admin/tools/admin-notices HTTP/1.0" 200 1065 "http://143.198.192.204/wp-admin/edit.php?post_type=lp_course" "Mozilla/5.0 (Macintosh; Intel Mac OS X 10_15_7) AppleWebKit/605.1.15 (KHTML, like Gecko) Version/17.6 Safari/605.1.15"
182.1.85.28 - - [24/Sep/2024:16:16:04 +0000] "GET /wp-admin/post.php?post=13&action=edit HTTP/1.0" 200 53030 "http://143.198.192.204/wp-admin/edit.php?post_type=lp_course" "Mozilla/5.0 (Macintosh; Intel Mac OS X 10_15_7) AppleWebKit/605.1.15 (KHTML, like Gecko) Version/17.6 Safari/605.1.15"
182.1.85.28 - - [24/Sep/2024:16:16:04 +0000] "GET /wp-content/plugins/learnpress/assets/src/js/vendor/jquery/jquery-tipsy.js?ver=4.2.6.5 HTTP/1.0" 200 2991 "http://143.198.192.204/wp-admin/post.php?post=13&action=edit" "Mozilla/5.0 (Macintosh; Intel Mac OS X 10_15_7) AppleWebKit/605.1.15 (KHTML, like Gecko) Version/17.6 Safari/605.1.15"
182.1.85.28 - - [24/Sep/2024:16:16:04 +0000] "GET /wp-admin/load-styles.php?c=0&dir=ltr&load%5Bchunk_0%5D=dashicons,admin-bar,buttons,media-views,common,forms,admin-menu,dashboard,list-tables,edit,revisions,media,themes,about,nav-menu&load%5Bchunk_1%5D=s,wp-pointer,widgets,site-icon,l10n,wp-auth-check,wp-color-picker,wp-components&ver=6.6.2 HTTP/1.0" 200 120651 "http://143.198.192.204/wp-admin/post.php?post=13&action=edit" "Mozilla/5.0 (Macintosh; Intel Mac OS X 10_15_7) AppleWebKit/605.1.15 (KHTML, like Gecko) Version/17.6 Safari/605.1.15"
182.1.85.28 - - [24/Sep/2024:16:16:04 +0000] "GET /wp-includes/js/wp-backbone.min.js?ver=6.6.2 HTTP/1.0" 200 1482 "http://143.198.192.204/wp-admin/post.php?post=13&action=edit" "Mozilla/5.0 (Macintosh; Intel Mac OS X 10_15_7) AppleWebKit/605.1.15 (KHTML, like Gecko) Version/17.6 Safari/605.1.15"
182.1.85.28 - - [24/Sep/2024:16:16:04 +0000] "GET /wp-content/plugins/learnpress/assets/js/dist/admin/editor/course.min.js?ver=4.2.6.5 HTTP/1.0" 200 3267 "http://143.198.192.204/wp-admin/post.php?post=13&action=edit" "Mozilla/5.0 (Macintosh; Intel Mac OS X 10_15_7) AppleWebKit/605.1.15 (KHTML, like Gecko) Version/17.6 Safari/605.1.15"
182.1.85.28 - - [24/Sep/2024:16:16:04 +0000] "GET /wp-includes/js/jquery/suggest.min.js?ver=1.1-20110113 HTTP/1.0" 200 1647 "http://143.198.192.204/wp-admin/post.php?post=13&action=edit" "Mozilla/5.0 (Macintosh; Intel Mac OS X 10_15_7) AppleWebKit/605.1.15 (KHTML, like Gecko) Version/17.6 Safari/605.1.15"
182.1.85.28 - - [24/Sep/2024:16:16:04 +0000] "GET /wp-admin/js/tags-box.min.js?ver=6.6.2 HTTP/1.0" 200 1615 "http://143.198.192.204/wp-admin/post.php?post=13&action=edit" "Mozilla/5.0 (Macintosh; Intel Mac OS X 10_15_7) AppleWebKit/605.1.15 (KHTML, like Gecko) Version/17.6 Safari/605.1.15"
182.1.85.28 - - [24/Sep/2024:16:16:04 +0000] "GET /wp-includes/js/media-audiovideo.min.js?ver=6.6.2 HTTP/1.0" 200 3671 "http://143.198.192.204/wp-admin/post.php?post=13&action=edit" "Mozilla/5.0 (Macintosh; Intel Mac OS X 10_15_7) AppleWebKit/605.1.15 (KHTML, like Gecko) Version/17.6 Safari/605.1.15"
182.1.85.28 - - [24/Sep/2024:16:16:04 +0000] "GET /wp-includes/js/wp-embed.min.js?ver=6.6.2 HTTP/1.0" 200 1000 "http://143.198.192.204/wp-admin/post.php?post=13&action=edit" "Mozilla/5.0 (Macintosh; Intel Mac OS X 10_15_7) AppleWebKit/605.1.15 (KHTML, like Gecko) Version/17.6 Safari/605.1.15"
182.1.85.28 - - [24/Sep/2024:16:16:04 +0000] "GET /wp-includes/js/tinymce/plugins/compat3x/plugin.min.js?ver=49110-20201110 HTTP/1.0" 200 2047 "http://143.198.192.204/wp-admin/post.php?post=13&action=edit" "Mozilla/5.0 (Macintosh; Intel Mac OS X 10_15_7) AppleWebKit/605.1.15 (KHTML, like Gecko) Version/17.6 Safari/605.1.15"
182.1.85.28 - - [24/Sep/2024:16:16:04 +0000] "GET /wp-json/lp/v1/material/item-materials/13?is_admin=1&per_page=-1 HTTP/1.0" 200 718 "http://143.198.192.204/wp-admin/post.php?post=13&action=edit" "Mozilla/5.0 (Macintosh; Intel Mac OS X 10_15_7) AppleWebKit/605.1.15 (KHTML, like Gecko) Version/17.6 Safari/605.1.15"
182.1.85.28 - - [24/Sep/2024:16:16:05 +0000] "GET /wp-includes/js/tinymce/plugins/charmap/plugin.min.js?wp-mce-49110-20201110 HTTP/1.0" 200 3552 "http://143.198.192.204/wp-admin/post.php?post=13&action=edit" "Mozilla/5.0 (Macintosh; Intel Mac OS X 10_15_7) AppleWebKit/605.1.15 (KHTML, like Gecko) Version/17.6 Safari/605.1.15"
182.1.85.28 - - [24/Sep/2024:16:16:05 +0000] "GET /wp-includes/js/tinymce/plugins/lists/plugin.min.js?wp-mce-49110-20201110 HTTP/1.0" 200 9401 "http://143.198.192.204/wp-admin/post.php?post=13&action=edit" "Mozilla/5.0 (Macintosh; Intel Mac OS X 10_15_7) AppleWebKit/605.1.15 (KHTML, like Gecko) Version/17.6 Safari/605.1.15"
182.1.85.28 - - [24/Sep/2024:16:16:05 +0000] "GET /wp-includes/js/tinymce/plugins/tabfocus/plugin.min.js?wp-mce-49110-20201110 HTTP/1.0" 200 1100 "http://143.198.192.204/wp-admin/post.php?post=13&action=edit" "Mozilla/5.0 (Macintosh; Intel Mac OS X 10_15_7) AppleWebKit/605.1.15 (KHTML, like Gecko) Version/17.6 Safari/605.1.15"
182.1.85.28 - - [24/Sep/2024:16:16:05 +0000] "GET /wp-includes/js/tinymce/plugins/paste/plugin.min.js?wp-mce-49110-20201110 HTTP/1.0" 200 11657 "http://143.198.192.204/wp-admin/post.php?post=13&action=edit" "Mozilla/5.0 (Macintosh; Intel Mac OS X 10_15_7) AppleWebKit/605.1.15 (KHTML, like Gecko) Version/17.6 Safari/605.1.15"
182.1.85.28 - - [24/Sep/2024:16:16:05 +0000] "GET /wp-includes/js/tinymce/plugins/textcolor/plugin.min.js?wp-mce-49110-20201110 HTTP/1.0" 200 2250 "http://143.198.192.204/wp-admin/post.php?post=13&action=edit" "Mozilla/5.0 (Macintosh; Intel Mac OS X 10_15_7) AppleWebKit/605.1.15 (KHTML, like Gecko) Version/17.6 Safari/605.1.15"
182.1.85.28 - - [24/Sep/2024:16:16:05 +0000] "GET /wp-includes/js/tinymce/plugins/wpautoresize/plugin.min.js?wp-mce-49110-20201110 HTTP/1.0" 200 1202 "http://143.198.192.204/wp-admin/post.php?post=13&action=edit" "Mozilla/5.0 (Macintosh; Intel Mac OS X 10_15_7) AppleWebKit/605.1.15 (KHTML, like Gecko) Version/17.6 Safari/605.1.15"
182.1.85.28 - - [24/Sep/2024:16:16:05 +0000] "GET /wp-includes/js/tinymce/plugins/wplink/plugin.min.js?wp-mce-49110-20201110 HTTP/1.0" 200 3715 "http://143.198.192.204/wp-admin/post.php?post=13&action=edit" "Mozilla/5.0 (Macintosh; Intel Mac OS X 10_15_7) AppleWebKit/605.1.15 (KHTML, like Gecko) Version/17.6 Safari/605.1.15"
182.1.85.28 - - [24/Sep/2024:16:16:05 +0000] "GET /wp-includes/js/tinymce/plugins/wpdialogs/plugin.min.js?wp-mce-49110-20201110 HTTP/1.0" 200 941 "http://143.198.192.204/wp-admin/post.php?post=13&action=edit" "Mozilla/5.0 (Macintosh; Intel Mac OS X 10_15_7) AppleWebKit/605.1.15 (KHTML, like Gecko) Version/17.6 Safari/605.1.15"
172.18.0.1 - - [24/Sep/2024:16:16:05 +0000] "POST /?lp_test_wp_remote=1 HTTP/1.0" 200 206 "-" "WordPress/6.6.2; http://143.198.192.204"
182.1.85.28 - - [24/Sep/2024:16:16:05 +0000] "POST /wp-json/lp/v1/admin/tools/admin-notices HTTP/1.0" 200 1065 "http://143.198.192.204/wp-admin/post.php?post=13&action=edit" "Mozilla/5.0 (Macintosh; Intel Mac OS X 10_15_7) AppleWebKit/605.1.15 (KHTML, like Gecko) Version/17.6 Safari/605.1.15"
172.18.0.1 - - [24/Sep/2024:16:16:06 +0000] "POST /wp-admin/admin-post.php HTTP/1.0" 500 2832 "-" "WordPress/6.6.2; http://143.198.192.204"
182.1.85.28 - - [24/Sep/2024:16:16:06 +0000] "POST /wp-admin/post.php HTTP/1.0" 302 494 "http://143.198.192.204/wp-admin/post.php?post=13&action=edit" "Mozilla/5.0 (Macintosh; Intel Mac OS X 10_15_7) AppleWebKit/605.1.15 (KHTML, like Gecko) Version/17.6 Safari/605.1.15"
182.1.85.28 - - [24/Sep/2024:16:16:06 +0000] "GET /wp-admin/post.php?post=13&action=edit&message=1 HTTP/1.0" 200 53148 "http://143.198.192.204/wp-admin/post.php?post=13&action=edit" "Mozilla/5.0 (Macintosh; Intel Mac OS X 10_15_7) AppleWebKit/605.1.15 (KHTML, like Gecko) Version/17.6 Safari/605.1.15"
182.1.85.28 - - [24/Sep/2024:16:16:07 +0000] "GET /wp-json/lp/v1/material/item-materials/13?is_admin=1&per_page=-1 HTTP/1.0" 200 718 "http://143.198.192.204/wp-admin/post.php?post=13&action=edit" "Mozilla/5.0 (Macintosh; Intel Mac OS X 10_15_7) AppleWebKit/605.1.15 (KHTML, like Gecko) Version/17.6 Safari/605.1.15"
182.1.85.28 - - [24/Sep/2024:16:16:07 +0000] "GET /wp-admin/admin-ajax.php?action=oembed-cache&post=13 HTTP/1.0" 200 440 "http://143.198.192.204/wp-admin/post.php?post=13&action=edit" "Mozilla/5.0 (Macintosh; Intel Mac OS X 10_15_7) AppleWebKit/605.1.15 (KHTML, like Gecko) Version/17.6 Safari/605.1.15"
172.18.0.1 - - [24/Sep/2024:16:16:07 +0000] "POST /?lp_test_wp_remote=1 HTTP/1.0" 200 206 "-" "WordPress/6.6.2; http://143.198.192.204"
182.1.85.28 - - [24/Sep/2024:16:16:07 +0000] "POST /wp-json/lp/v1/admin/tools/admin-notices HTTP/1.0" 200 1065 "http://143.198.192.204/wp-admin/post.php?post=13&action=edit" "Mozilla/5.0 (Macintosh; Intel Mac OS X 10_15_7) AppleWebKit/605.1.15 (KHTML, like Gecko) Version/17.6 Safari/605.1.15"
172.18.0.1 - - [24/Sep/2024:16:16:11 +0000] "POST /wp-cron.php?doing_wp_cron=1727194571.6095890998840332031250 HTTP/1.0" 200 404 "-" "WordPress/6.6.2; http://143.198.192.204"
182.1.85.28 - - [24/Sep/2024:16:16:11 +0000] "GET /wp-admin/edit.php?post_type=lp_course HTTP/1.0" 200 14429 "http://143.198.192.204/wp-admin/post.php?post=13&action=edit" "Mozilla/5.0 (Macintosh; Intel Mac OS X 10_15_7) AppleWebKit/605.1.15 (KHTML, like Gecko) Version/17.6 Safari/605.1.15"
182.1.85.28 - - [24/Sep/2024:16:16:11 +0000] "POST /wp-admin/admin-ajax.php HTTP/1.0" 200 533 "http://143.198.192.204/wp-admin/post.php?post=13&action=edit" "Mozilla/5.0 (Macintosh; Intel Mac OS X 10_15_7) AppleWebKit/605.1.15 (KHTML, like Gecko) Version/17.6 Safari/605.1.15"
182.1.85.28 - - [24/Sep/2024:16:16:11 +0000] "POST /wp-admin/admin-ajax.php HTTP/1.0" 200 587 "http://143.198.192.204/wp-admin/edit.php?post_type=lp_course" "Mozilla/5.0 (Macintosh; Intel Mac OS X 10_15_7) AppleWebKit/605.1.15 (KHTML, like Gecko) Version/17.6 Safari/605.1.15"
172.18.0.1 - - [24/Sep/2024:16:16:11 +0000] "POST /?lp_test_wp_remote=1 HTTP/1.0" 200 206 "-" "WordPress/6.6.2; http://143.198.192.204"
182.1.85.28 - - [24/Sep/2024:16:16:11 +0000] "POST /wp-json/lp/v1/admin/tools/admin-notices HTTP/1.0" 200 1065 "http://143.198.192.204/wp-admin/edit.php?post_type=lp_course" "Mozilla/5.0 (Macintosh; Intel Mac OS X 10_15_7) AppleWebKit/605.1.15 (KHTML, like Gecko) Version/17.6 Safari/605.1.15"
182.1.85.28 - - [24/Sep/2024:16:16:12 +0000] "GET /wp-admin/index.php HTTP/1.0" 200 20596 "http://143.198.192.204/wp-admin/edit.php?post_type=lp_course" "Mozilla/5.0 (Macintosh; Intel Mac OS X 10_15_7) AppleWebKit/605.1.15 (KHTML, like Gecko) Version/17.6 Safari/605.1.15"
182.1.85.28 - - [24/Sep/2024:16:16:12 +0000] "GET /wp-admin/load-styles.php?c=0&dir=ltr&load%5Bchunk_0%5D=dashicons,admin-bar,site-health,common,forms,admin-menu,dashboard,list-tables,edit,revisions,media,themes,about,nav-menus,wp-poi&load%5Bchunk_1%5D=nter,widgets,site-icon,l10n,buttons,wp-auth-check,wp-color-picker,wp-components&ver=6.6.2 HTTP/1.0" 200 113746 "http://143.198.192.204/wp-admin/index.php" "Mozilla/5.0 (Macintosh; Intel Mac OS X 10_15_7) AppleWebKit/605.1.15 (KHTML, like Gecko) Version/17.6 Safari/605.1.15"
182.1.85.28 - - [24/Sep/2024:16:16:12 +0000] "GET /wp-json/lp/v1/orders/statistic HTTP/1.0" 200 1832 "http://143.198.192.204/wp-admin/index.php" "Mozilla/5.0 (Macintosh; Intel Mac OS X 10_15_7) AppleWebKit/605.1.15 (KHTML, like Gecko) Version/17.6 Safari/605.1.15"
172.18.0.1 - - [24/Sep/2024:16:16:12 +0000] "POST /?lp_test_wp_remote=1 HTTP/1.0" 200 206 "-" "WordPress/6.6.2; http://143.198.192.204"
182.1.85.28 - - [24/Sep/2024:16:16:12 +0000] "POST /wp-json/lp/v1/admin/tools/admin-notices HTTP/1.0" 200 1065 "http://143.198.192.204/wp-admin/index.php" "Mozilla/5.0 (Macintosh; Intel Mac OS X 10_15_7) AppleWebKit/605.1.15 (KHTML, like Gecko) Version/17.6 Safari/605.1.15"
182.1.85.28 - - [24/Sep/2024:16:16:13 +0000] "GET /wp-admin/edit.php HTTP/1.0" 200 14794 "http://143.198.192.204/wp-admin/index.php" "Mozilla/5.0 (Macintosh; Intel Mac OS X 10_15_7) AppleWebKit/605.1.15 (KHTML, like Gecko) Version/17.6 Safari/605.1.15"
182.1.85.28 - - [24/Sep/2024:16:16:14 +0000] "POST /wp-admin/admin-ajax.php HTTP/1.0" 200 587 "http://143.198.192.204/wp-admin/edit.php" "Mozilla/5.0 (Macintosh; Intel Mac OS X 10_15_7) AppleWebKit/605.1.15 (KHTML, like Gecko) Version/17.6 Safari/605.1.15"
172.18.0.1 - - [24/Sep/2024:16:16:14 +0000] "POST /?lp_test_wp_remote=1 HTTP/1.0" 200 206 "-" "WordPress/6.6.2; http://143.198.192.204"
182.1.85.28 - - [24/Sep/2024:16:16:14 +0000] "POST /wp-json/lp/v1/admin/tools/admin-notices HTTP/1.0" 200 1065 "http://143.198.192.204/wp-admin/edit.php" "Mozilla/5.0 (Macintosh; Intel Mac OS X 10_15_7) AppleWebKit/605.1.15 (KHTML, like Gecko) Version/17.6 Safari/605.1.15"
182.1.85.28 - - [24/Sep/2024:16:16:16 +0000] "GET /wp-admin/post.php?post=1&action=edit HTTP/1.0" 200 67982 "http://143.198.192.204/wp-admin/edit.php" "Mozilla/5.0 (Macintosh; Intel Mac OS X 10_15_7) AppleWebKit/605.1.15 (KHTML, like Gecko) Version/17.6 Safari/605.1.15"
182.1.85.28 - - [24/Sep/2024:16:16:16 +0000] "GET /wp-includes/js/dist/blob.min.js?ver=9113eed771d446f4a556 HTTP/1.0" 200 882 "http://143.198.192.204/wp-admin/post.php?post=1&action=edit" "Mozilla/5.0 (Macintosh; Intel Mac OS X 10_15_7) AppleWebKit/605.1.15 (KHTML, like Gecko) Version/17.6 Safari/605.1.15"
182.1.85.28 - - [24/Sep/2024:16:16:16 +0000] "GET /wp-content/themes/twentytwentyfour/assets/css/button-outline.css?ver=1.2 HTTP/1.0" 200 476 "http://143.198.192.204/wp-admin/post.php?post=1&action=edit" "Mozilla/5.0 (Macintosh; Intel Mac OS X 10_15_7) AppleWebKit/605.1.15 (KHTML, like Gecko) Version/17.6 Safari/605.1.15"
182.1.85.28 - - [24/Sep/2024:16:16:16 +0000] "GET /wp-includes/js/dist/blocks.min.js?ver=0d232d232463200f5cfd HTTP/1.0" 200 53524 "http://143.198.192.204/wp-admin/post.php?post=1&action=edit" "Mozilla/5.0 (Macintosh; Intel Mac OS X 10_15_7) AppleWebKit/605.1.15 (KHTML, like Gecko) Version/17.6 Safari/605.1.15"
182.1.85.28 - - [24/Sep/2024:16:16:16 +0000] "GET /wp-content/plugins/learnpress/assets/js/dist/blocks/single-course.js?ver=66f2e5d08edf4 HTTP/1.0" 200 2252 "http://143.198.192.204/wp-admin/post.php?post=1&action=edit" "Mozilla/5.0 (Macintosh; Intel Mac OS X 10_15_7) AppleWebKit/605.1.15 (KHTML, like Gecko) Version/17.6 Safari/605.1.15"
182.1.85.28 - - [24/Sep/2024:16:16:16 +0000] "GET /wp-content/plugins/learnpress/assets/js/dist/blocks/archive-course.js?ver=66f2e5d08e975 HTTP/1.0" 200 2266 "http://143.198.192.204/wp-admin/post.php?post=1&action=edit" "Mozilla/5.0 (Macintosh; Intel Mac OS X 10_15_7) AppleWebKit/605.1.15 (KHTML, like Gecko) Version/17.6 Safari/605.1.15"
182.1.85.28 - - [24/Sep/2024:16:16:16 +0000] "GET /wp-includes/js/plupload/moxie.min.js?ver=1.3.5 HTTP/1.0" 200 27688 "http://143.198.192.204/wp-admin/post.php?post=1&action=edit" "Mozilla/5.0 (Macintosh; Intel Mac OS X 10_15_7) AppleWebKit/605.1.15 (KHTML, like Gecko) Version/17.6 Safari/605.1.15"
182.1.85.28 - - [24/Sep/2024:16:16:16 +0000] "GET /wp-includes/js/dist/keyboard-shortcuts.min.js?ver=32686e58e84193ce808b HTTP/1.0" 200 1622 "http://143.198.192.204/wp-admin/post.php?post=1&action=edit" "Mozilla/5.0 (Macintosh; Intel Mac OS X 10_15_7) AppleWebKit/605.1.15 (KHTML, like Gecko) Version/17.6 Safari/605.1.15"
182.1.85.28 - - [24/Sep/2024:16:16:16 +0000] "GET /wp-includes/js/dist/style-engine.min.js?ver=86ba6721a03e5b921dfe HTTP/1.0" 200 2352 "http://143.198.192.204/wp-admin/post.php?post=1&action=edit" "Mozilla/5.0 (Macintosh; Intel Mac OS X 10_15_7) AppleWebKit/605.1.15 (KHTML, like Gecko) Version/17.6 Safari/605.1.15"
182.1.85.28 - - [24/Sep/2024:16:16:16 +0000] "GET /wp-includes/js/dist/token-list.min.js?ver=05f8a6df6258f0081718 HTTP/1.0" 200 885 "http://143.198.192.204/wp-admin/post.php?post=1&action=edit" "Mozilla/5.0 (Macintosh; Intel Mac OS X 10_15_7) AppleWebKit/605.1.15 (KHTML, like Gecko) Version/17.6 Safari/605.1.15"
182.1.85.28 - - [24/Sep/2024:16:16:16 +0000] "GET /wp-includes/js/dist/wordcount.min.js?ver=55d8c2bf3dc99e7ea5ec HTTP/1.0" 200 1325 "http://143.198.192.204/wp-admin/post.php?post=1&action=edit" "Mozilla/5.0 (Macintosh; Intel Mac OS X 10_15_7) AppleWebKit/605.1.15 (KHTML, like Gecko) Version/17.6 Safari/605.1.15"
182.1.85.28 - - [24/Sep/2024:16:16:16 +0000] "GET /wp-includes/js/dist/viewport.min.js?ver=829c9a30d366e1e5054c HTTP/1.0" 200 1275 "http://143.198.192.204/wp-admin/post.php?post=1&action=edit" "Mozilla/5.0 (Macintosh; Intel Mac OS X 10_15_7) AppleWebKit/605.1.15 (KHTML, like Gecko) Version/17.6 Safari/605.1.15"
182.1.85.28 - - [24/Sep/2024:16:16:16 +0000] "GET /wp-includes/js/dist/widgets.min.js?ver=53f9d5d5df6f21e39834 HTTP/1.0" 200 7402 "http://143.198.192.204/wp-admin/post.php?post=1&action=edit" "Mozilla/5.0 (Macintosh; Intel Mac OS X 10_15_7) AppleWebKit/605.1.15 (KHTML, like Gecko) Version/17.6 Safari/605.1.15"
182.1.85.28 - - [24/Sep/2024:16:16:16 +0000] "GET /wp-includes/js/dist/block-editor.min.js?ver=7ab6a9fdca1a0386ea66 HTTP/1.0" 200 247358 "http://143.198.192.204/wp-admin/post.php?post=1&action=edit" "Mozilla/5.0 (Macintosh; Intel Mac OS X 10_15_7) AppleWebKit/605.1.15 (KHTML, like Gecko) Version/17.6 Safari/605.1.15"
182.1.85.28 - - [24/Sep/2024:16:16:16 +0000] "GET /wp-includes/js/dist/block-library.min.js?ver=96b614e020e4ab48838d HTTP/1.0" 200 217793 "http://143.198.192.204/wp-admin/post.php?post=1&action=edit" "Mozilla/5.0 (Macintosh; Intel Mac OS X 10_15_7) AppleWebKit/605.1.15 (KHTML, like Gecko) Version/17.6 Safari/605.1.15"
172.18.0.1 - - [24/Sep/2024:16:16:17 +0000] "POST /?lp_test_wp_remote=1 HTTP/1.0" 200 206 "-" "WordPress/6.6.2; http://143.198.192.204"
182.1.85.28 - - [24/Sep/2024:16:16:17 +0000] "POST /wp-json/lp/v1/admin/tools/admin-notices HTTP/1.0" 200 1065 "http://143.198.192.204/wp-admin/post.php?post=1&action=edit" "Mozilla/5.0 (Macintosh; Intel Mac OS X 10_15_7) AppleWebKit/605.1.15 (KHTML, like Gecko) Version/17.6 Safari/605.1.15"
182.1.85.28 - - [24/Sep/2024:16:16:17 +0000] "GET /wp-json/wp/v2/blocks?context=edit&per_page=100&_locale=user HTTP/1.0" 200 684 "http://143.198.192.204/wp-admin/post.php?post=1&action=edit" "Mozilla/5.0 (Macintosh; Intel Mac OS X 10_15_7) AppleWebKit/605.1.15 (KHTML, like Gecko) Version/17.6 Safari/605.1.15"
182.1.85.28 - - [24/Sep/2024:16:16:17 +0000] "GET /wp-json/wp/v2/block-patterns/categories?_locale=user HTTP/1.0" 200 2685 "http://143.198.192.204/wp-admin/post.php?post=1&action=edit" "Mozilla/5.0 (Macintosh; Intel Mac OS X 10_15_7) AppleWebKit/605.1.15 (KHTML, like Gecko) Version/17.6 Safari/605.1.15"
182.1.85.28 - - [24/Sep/2024:16:16:17 +0000] "OPTIONS /wp-json/wp/v2/settings?_locale=user HTTP/1.0" 200 6033 "http://143.198.192.204/wp-admin/post.php?post=1&action=edit" "Mozilla/5.0 (Macintosh; Intel Mac OS X 10_15_7) AppleWebKit/605.1.15 (KHTML, like Gecko) Version/17.6 Safari/605.1.15"
182.1.85.28 - - [24/Sep/2024:16:16:17 +0000] "GET /wp-json/?_fields=description%2Cgmt_offset%2Chome%2Cname%2Csite_icon%2Csite_icon_url%2Csite_logo%2Ctimezone_string%2Curl&_locale=user HTTP/1.0" 200 832 "http://143.198.192.204/wp-admin/post.php?post=1&action=edit" "Mozilla/5.0 (Macintosh; Intel Mac OS X 10_15_7) AppleWebKit/605.1.15 (KHTML, like Gecko) Version/17.6 Safari/605.1.15"
182.1.85.28 - - [24/Sep/2024:16:16:17 +0000] "GET /wp-json/wp/v2/templates/lookup?slug=single-post-hello-world&_locale=user HTTP/1.0" 200 6909 "http://143.198.192.204/wp-admin/post.php?post=1&action=edit" "Mozilla/5.0 (Macintosh; Intel Mac OS X 10_15_7) AppleWebKit/605.1.15 (KHTML, like Gecko) Version/17.6 Safari/605.1.15"
182.1.85.28 - - [24/Sep/2024:16:16:17 +0000] "GET /wp-json/?_fields=description%2Cgmt_offset%2Chome%2Cname%2Csite_icon%2Csite_icon_url%2Csite_logo%2Ctimezone_string%2Curl&_locale=user HTTP/1.0" 200 832 "http://143.198.192.204/wp-admin/post.php?post=1&action=edit" "Mozilla/5.0 (Macintosh; Intel Mac OS X 10_15_7) AppleWebKit/605.1.15 (KHTML, like Gecko) Version/17.6 Safari/605.1.15"
182.1.85.28 - - [24/Sep/2024:16:16:18 +0000] "OPTIONS /wp-json/wp/v2/posts?_locale=user HTTP/1.0" 200 17849 "http://143.198.192.204/wp-admin/post.php?post=1&action=edit" "Mozilla/5.0 (Macintosh; Intel Mac OS X 10_15_7) AppleWebKit/605.1.15 (KHTML, like Gecko) Version/17.6 Safari/605.1.15"
182.1.85.28 - - [24/Sep/2024:16:16:18 +0000] "OPTIONS /wp-json/wp/v2/posts/1?_locale=user HTTP/1.0" 200 12837 "http://143.198.192.204/wp-admin/post.php?post=1&action=edit" "Mozilla/5.0 (Macintosh; Intel Mac OS X 10_15_7) AppleWebKit/605.1.15 (KHTML, like Gecko) Version/17.6 Safari/605.1.15"
182.1.85.28 - - [24/Sep/2024:16:16:18 +0000] "GET /wp-json/wp/v2/taxonomies?context=edit&per_page=100&_locale=user HTTP/1.0" 200 13059 "http://143.198.192.204/wp-admin/post.php?post=1&action=edit" "Mozilla/5.0 (Macintosh; Intel Mac OS X 10_15_7) AppleWebKit/605.1.15 (KHTML, like Gecko) Version/17.6 Safari/605.1.15"
182.1.85.28 - - [24/Sep/2024:16:16:18 +0000] "GET /wp-json/wp/v2/users?context=view&who=authors&per_page=50&_fields=id%2Cname&_locale=user HTTP/1.0" 200 712 "http://143.198.192.204/wp-admin/post.php?post=1&action=edit" "Mozilla/5.0 (Macintosh; Intel Mac OS X 10_15_7) AppleWebKit/605.1.15 (KHTML, like Gecko) Version/17.6 Safari/605.1.15"
182.1.85.28 - - [24/Sep/2024:16:16:18 +0000] "OPTIONS /wp-json/wp/v2/settings?_locale=user HTTP/1.0" 200 6033 "http://143.198.192.204/wp-admin/post.php?post=1&action=edit" "Mozilla/5.0 (Macintosh; Intel Mac OS X 10_15_7) AppleWebKit/605.1.15 (KHTML, like Gecko) Version/17.6 Safari/605.1.15"
182.1.85.28 - - [24/Sep/2024:16:16:18 +0000] "GET /wp-json/wp/v2/types?context=view&_locale=user HTTP/1.0" 200 8075 "http://143.198.192.204/wp-admin/post.php?post=1&action=edit" "Mozilla/5.0 (Macintosh; Intel Mac OS X 10_15_7) AppleWebKit/605.1.15 (KHTML, like Gecko) Version/17.6 Safari/605.1.15"
182.1.85.28 - - [24/Sep/2024:16:16:18 +0000] "GET /wp-json/wp/v2/wp_pattern_category?context=view&per_page=100&_fields=id%2Cname%2Cdescription%2Cslug&_locale=user HTTP/1.0" 200 684 "http://143.198.192.204/wp-admin/post.php?post=1&action=edit" "Mozilla/5.0 (Macintosh; Intel Mac OS X 10_15_7) AppleWebKit/605.1.15 (KHTML, like Gecko) Version/17.6 Safari/605.1.15"
182.1.85.28 - - [24/Sep/2024:16:16:18 +0000] "GET /wp-json/wp/v2/templates/twentytwentyfour//single?context=edit&_locale=user HTTP/1.0" 200 6953 "http://143.198.192.204/wp-admin/post.php?post=1&action=edit" "Mozilla/5.0 (Macintosh; Intel Mac OS X 10_15_7) AppleWebKit/605.1.15 (KHTML, like Gecko) Version/17.6 Safari/605.1.15"
182.1.85.28 - - [24/Sep/2024:16:16:18 +0000] "GET /wp-json/wp/v2/users/1?context=view&_fields=id%2Cname&_locale=user HTTP/1.0" 200 695 "http://143.198.192.204/wp-admin/post.php?post=1&action=edit" "Mozilla/5.0 (Macintosh; Intel Mac OS X 10_15_7) AppleWebKit/605.1.15 (KHTML, like Gecko) Version/17.6 Safari/605.1.15"
182.1.85.28 - - [24/Sep/2024:16:16:18 +0000] "GET /wp-json/wp/v2/settings?_locale=user HTTP/1.0" 200 1096 "http://143.198.192.204/wp-admin/post.php?post=1&action=edit" "Mozilla/5.0 (Macintosh; Intel Mac OS X 10_15_7) AppleWebKit/605.1.15 (KHTML, like Gecko) Version/17.6 Safari/605.1.15"
182.1.85.28 - - [24/Sep/2024:16:16:21 +0000] "POST /wp-json/wp/v2/posts/1?_locale=user HTTP/1.0" 200 3965 "http://143.198.192.204/wp-admin/post.php?post=1&action=edit" "Mozilla/5.0 (Macintosh; Intel Mac OS X 10_15_7) AppleWebKit/605.1.15 (KHTML, like Gecko) Version/17.6 Safari/605.1.15"
172.18.0.1 - - [24/Sep/2024:16:16:22 +0000] "POST /wp-cron.php?doing_wp_cron=1727194582.0113399028778076171875 HTTP/1.0" 200 404 "-" "WordPress/6.6.2; http://143.198.192.204"
182.1.85.28 - - [24/Sep/2024:16:16:21 +0000] "GET /2024/09/24/hello-world/ HTTP/1.0" 200 16431 "http://143.198.192.204/wp-admin/post.php?post=1&action=edit" "Mozilla/5.0 (Macintosh; Intel Mac OS X 10_15_7) AppleWebKit/605.1.15 (KHTML, like Gecko) Version/17.6 Safari/605.1.15"
182.1.85.28 - - [24/Sep/2024:16:16:22 +0000] "GET /wp-includes/css/dist/block-library/common.min.css?ver=6.6.2 HTTP/1.0" 200 1400 "http://143.198.192.204/2024/09/24/hello-world/" "Mozilla/5.0 (Macintosh; Intel Mac OS X 10_15_7) AppleWebKit/605.1.15 (KHTML, like Gecko) Version/17.6 Safari/605.1.15"
182.1.85.28 - - [24/Sep/2024:16:16:22 +0000] "GET /wp-includes/blocks/navigation/style.min.css?ver=6.6.2 HTTP/1.0" 200 2586 "http://143.198.192.204/2024/09/24/hello-world/" "Mozilla/5.0 (Macintosh; Intel Mac OS X 10_15_7) AppleWebKit/605.1.15 (KHTML, like Gecko) Version/17.6 Safari/605.1.15"
182.1.85.28 - - [24/Sep/2024:16:16:22 +0000] "GET /wp-includes/blocks/navigation/view.min.js?ver=6.6.2 HTTP/1.0" 200 1442 "http://143.198.192.204/2024/09/24/hello-world/" "Mozilla/5.0 (Macintosh; Intel Mac OS X 10_15_7) AppleWebKit/605.1.15 (KHTML, like Gecko) Version/17.6 Safari/605.1.15"
182.1.85.28 - - [24/Sep/2024:16:16:20 +0000] "GET /wp-json/wp/v2/block-patterns/patterns?_locale=user HTTP/1.0" 200 465177 "http://143.198.192.204/wp-admin/post.php?post=1&action=edit" "Mozilla/5.0 (Macintosh; Intel Mac OS X 10_15_7) AppleWebKit/605.1.15 (KHTML, like Gecko) Version/17.6 Safari/605.1.15"
182.1.85.28 - - [24/Sep/2024:16:16:23 +0000] "POST /wp-admin/admin-ajax.php HTTP/1.0" 200 533 "http://143.198.192.204/wp-admin/post.php?post=1&action=edit" "Mozilla/5.0 (Macintosh; Intel Mac OS X 10_15_7) AppleWebKit/605.1.15 (KHTML, like Gecko) Version/17.6 Safari/605.1.15"
182.1.85.28 - - [24/Sep/2024:16:16:23 +0000] "GET /wp-admin/post.php?post=1&action=edit HTTP/1.0" 200 68028 "http://143.198.192.204/wp-admin/edit.php" "Mozilla/5.0 (Macintosh; Intel Mac OS X 10_15_7) AppleWebKit/605.1.15 (KHTML, like Gecko) Version/17.6 Safari/605.1.15"
182.1.85.28 - - [24/Sep/2024:16:16:24 +0000] "GET /wp-content/plugins/learnpress/assets/js/dist/blocks/archive-course.js?ver=66f2e5d7ec48e HTTP/1.0" 200 2266 "http://143.198.192.204/wp-admin/post.php?post=1&action=edit" "Mozilla/5.0 (Macintosh; Intel Mac OS X 10_15_7) AppleWebKit/605.1.15 (KHTML, like Gecko) Version/17.6 Safari/605.1.15"
182.1.85.28 - - [24/Sep/2024:16:16:24 +0000] "GET /wp-content/plugins/learnpress/assets/js/dist/blocks/single-course.js?ver=66f2e5d7ecd53 HTTP/1.0" 200 2252 "http://143.198.192.204/wp-admin/post.php?post=1&action=edit" "Mozilla/5.0 (Macintosh; Intel Mac OS X 10_15_7) AppleWebKit/605.1.15 (KHTML, like Gecko) Version/17.6 Safari/605.1.15"
172.18.0.1 - - [24/Sep/2024:16:16:24 +0000] "POST /?lp_test_wp_remote=1 HTTP/1.0" 200 206 "-" "WordPress/6.6.2; http://143.198.192.204"
182.1.85.28 - - [24/Sep/2024:16:16:24 +0000] "POST /wp-json/lp/v1/admin/tools/admin-notices HTTP/1.0" 200 1065 "http://143.198.192.204/wp-admin/post.php?post=1&action=edit" "Mozilla/5.0 (Macintosh; Intel Mac OS X 10_15_7) AppleWebKit/605.1.15 (KHTML, like Gecko) Version/17.6 Safari/605.1.15"
182.1.85.28 - - [24/Sep/2024:16:16:24 +0000] "GET /wp-json/wp/v2/blocks?context=edit&per_page=100&_locale=user HTTP/1.0" 200 684 "http://143.198.192.204/wp-admin/post.php?post=1&action=edit" "Mozilla/5.0 (Macintosh; Intel Mac OS X 10_15_7) AppleWebKit/605.1.15 (KHTML, like Gecko) Version/17.6 Safari/605.1.15"
182.1.85.28 - - [24/Sep/2024:16:16:24 +0000] "GET /wp-json/wp/v2/block-patterns/categories?_locale=user HTTP/1.0" 200 2685 "http://143.198.192.204/wp-admin/post.php?post=1&action=edit" "Mozilla/5.0 (Macintosh; Intel Mac OS X 10_15_7) AppleWebKit/605.1.15 (KHTML, like Gecko) Version/17.6 Safari/605.1.15"
182.1.85.28 - - [24/Sep/2024:16:16:24 +0000] "GET /wp-json/?_fields=description%2Cgmt_offset%2Chome%2Cname%2Csite_icon%2Csite_icon_url%2Csite_logo%2Ctimezone_string%2Curl&_locale=user HTTP/1.0" 200 832 "http://143.198.192.204/wp-admin/post.php?post=1&action=edit" "Mozilla/5.0 (Macintosh; Intel Mac OS X 10_15_7) AppleWebKit/605.1.15 (KHTML, like Gecko) Version/17.6 Safari/605.1.15"
182.1.85.28 - - [24/Sep/2024:16:16:24 +0000] "OPTIONS /wp-json/wp/v2/settings?_locale=user HTTP/1.0" 200 6033 "http://143.198.192.204/wp-admin/post.php?post=1&action=edit" "Mozilla/5.0 (Macintosh; Intel Mac OS X 10_15_7) AppleWebKit/605.1.15 (KHTML, like Gecko) Version/17.6 Safari/605.1.15"
182.1.85.28 - - [24/Sep/2024:16:16:24 +0000] "GET /wp-json/?_fields=description%2Cgmt_offset%2Chome%2Cname%2Csite_icon%2Csite_icon_url%2Csite_logo%2Ctimezone_string%2Curl&_locale=user HTTP/1.0" 200 832 "http://143.198.192.204/wp-admin/post.php?post=1&action=edit" "Mozilla/5.0 (Macintosh; Intel Mac OS X 10_15_7) AppleWebKit/605.1.15 (KHTML, like Gecko) Version/17.6 Safari/605.1.15"
182.1.85.28 - - [24/Sep/2024:16:16:24 +0000] "OPTIONS /wp-json/wp/v2/posts/1?_locale=user HTTP/1.0" 200 12837 "http://143.198.192.204/wp-admin/post.php?post=1&action=edit" "Mozilla/5.0 (Macintosh; Intel Mac OS X 10_15_7) AppleWebKit/605.1.15 (KHTML, like Gecko) Version/17.6 Safari/605.1.15"
182.1.85.28 - - [24/Sep/2024:16:16:24 +0000] "OPTIONS /wp-json/wp/v2/settings?_locale=user HTTP/1.0" 200 6033 "http://143.198.192.204/wp-admin/post.php?post=1&action=edit" "Mozilla/5.0 (Macintosh; Intel Mac OS X 10_15_7) AppleWebKit/605.1.15 (KHTML, like Gecko) Version/17.6 Safari/605.1.15"
182.1.85.28 - - [24/Sep/2024:16:16:24 +0000] "GET /wp-json/wp/v2/templates/lookup?slug=single-post-hello-world&_locale=user HTTP/1.0" 200 6909 "http://143.198.192.204/wp-admin/post.php?post=1&action=edit" "Mozilla/5.0 (Macintosh; Intel Mac OS X 10_15_7) AppleWebKit/605.1.15 (KHTML, like Gecko) Version/17.6 Safari/605.1.15"
182.1.85.28 - - [24/Sep/2024:16:16:24 +0000] "OPTIONS /wp-json/wp/v2/posts?_locale=user HTTP/1.0" 200 17849 "http://143.198.192.204/wp-admin/post.php?post=1&action=edit" "Mozilla/5.0 (Macintosh; Intel Mac OS X 10_15_7) AppleWebKit/605.1.15 (KHTML, like Gecko) Version/17.6 Safari/605.1.15"
182.1.85.28 - - [24/Sep/2024:16:16:24 +0000] "GET /wp-json/wp/v2/taxonomies?context=edit&per_page=100&_locale=user HTTP/1.0" 200 13059 "http://143.198.192.204/wp-admin/post.php?post=1&action=edit" "Mozilla/5.0 (Macintosh; Intel Mac OS X 10_15_7) AppleWebKit/605.1.15 (KHTML, like Gecko) Version/17.6 Safari/605.1.15"
182.1.85.28 - - [24/Sep/2024:16:16:24 +0000] "GET /wp-json/wp/v2/users?context=view&who=authors&per_page=50&_fields=id%2Cname&_locale=user HTTP/1.0" 200 712 "http://143.198.192.204/wp-admin/post.php?post=1&action=edit" "Mozilla/5.0 (Macintosh; Intel Mac OS X 10_15_7) AppleWebKit/605.1.15 (KHTML, like Gecko) Version/17.6 Safari/605.1.15"
182.1.85.28 - - [24/Sep/2024:16:16:25 +0000] "GET /wp-json/wp/v2/wp_pattern_category?context=view&per_page=100&_fields=id%2Cname%2Cdescription%2Cslug&_locale=user HTTP/1.0" 200 684 "http://143.198.192.204/wp-admin/post.php?post=1&action=edit" "Mozilla/5.0 (Macintosh; Intel Mac OS X 10_15_7) AppleWebKit/605.1.15 (KHTML, like Gecko) Version/17.6 Safari/605.1.15"
182.1.85.28 - - [24/Sep/2024:16:16:25 +0000] "GET /wp-json/wp/v2/settings?_locale=user HTTP/1.0" 200 1096 "http://143.198.192.204/wp-admin/post.php?post=1&action=edit" "Mozilla/5.0 (Macintosh; Intel Mac OS X 10_15_7) AppleWebKit/605.1.15 (KHTML, like Gecko) Version/17.6 Safari/605.1.15"
182.1.85.28 - - [24/Sep/2024:16:16:25 +0000] "GET /wp-json/wp/v2/templates/twentytwentyfour//single?context=edit&_locale=user HTTP/1.0" 200 6953 "http://143.198.192.204/wp-admin/post.php?post=1&action=edit" "Mozilla/5.0 (Macintosh; Intel Mac OS X 10_15_7) AppleWebKit/605.1.15 (KHTML, like Gecko) Version/17.6 Safari/605.1.15"
182.1.85.28 - - [24/Sep/2024:16:16:25 +0000] "GET /wp-json/wp/v2/types?context=view&_locale=user HTTP/1.0" 200 8075 "http://143.198.192.204/wp-admin/post.php?post=1&action=edit" "Mozilla/5.0 (Macintosh; Intel Mac OS X 10_15_7) AppleWebKit/605.1.15 (KHTML, like Gecko) Version/17.6 Safari/605.1.15"
182.1.85.28 - - [24/Sep/2024:16:16:25 +0000] "GET /wp-json/wp/v2/users/1?context=view&_fields=id%2Cname&_locale=user HTTP/1.0" 200 695 "http://143.198.192.204/wp-admin/post.php?post=1&action=edit" "Mozilla/5.0 (Macintosh; Intel Mac OS X 10_15_7) AppleWebKit/605.1.15 (KHTML, like Gecko) Version/17.6 Safari/605.1.15"
182.1.85.28 - - [24/Sep/2024:16:17:24 +0000] "POST /wp-admin/admin-ajax.php HTTP/1.0" 200 638 "http://143.198.192.204/wp-admin/post.php?post=1&action=edit" "Mozilla/5.0 (Macintosh; Intel Mac OS X 10_15_7) AppleWebKit/605.1.15 (KHTML, like Gecko) Version/17.6 Safari/605.1.15"
182.1.85.28 - - [24/Sep/2024:16:18:24 +0000] "POST /wp-admin/admin-ajax.php HTTP/1.0" 200 638 "http://143.198.192.204/wp-admin/post.php?post=1&action=edit" "Mozilla/5.0 (Macintosh; Intel Mac OS X 10_15_7) AppleWebKit/605.1.15 (KHTML, like Gecko) Version/17.6 Safari/605.1.15"
182.1.85.28 - - [24/Sep/2024:16:19:24 +0000] "POST /wp-admin/admin-ajax.php HTTP/1.0" 200 638 "http://143.198.192.204/wp-admin/post.php?post=1&action=edit" "Mozilla/5.0 (Macintosh; Intel Mac OS X 10_15_7) AppleWebKit/605.1.15 (KHTML, like Gecko) Version/17.6 Safari/605.1.15"
182.1.85.28 - - [24/Sep/2024:16:20:24 +0000] "POST /wp-admin/admin-ajax.php HTTP/1.0" 200 638 "http://143.198.192.204/wp-admin/post.php?post=1&action=edit" "Mozilla/5.0 (Macintosh; Intel Mac OS X 10_15_7) AppleWebKit/605.1.15 (KHTML, like Gecko) Version/17.6 Safari/605.1.15"
110.138.171.206 - - [24/Sep/2024:16:22:31 +0000] "GET / HTTP/1.0" 200 15646 "-" "Mozilla/5.0 (Macintosh; Intel Mac OS X 10_15_7) AppleWebKit/537.36 (KHTML, like Gecko) Chrome/128.0.0.0 Safari/537.36"
110.138.171.206 - - [24/Sep/2024:16:22:32 +0000] "GET /wp-includes/blocks/navigation/style.min.css?ver=6.6.2 HTTP/1.0" 200 2586 "http://143.198.192.204/" "Mozilla/5.0 (Macintosh; Intel Mac OS X 10_15_7) AppleWebKit/537.36 (KHTML, like Gecko) Chrome/128.0.0.0 Safari/537.36"
110.138.171.206 - - [24/Sep/2024:16:22:32 +0000] "GET /wp-includes/blocks/image/style.min.css?ver=6.6.2 HTTP/1.0" 200 1825 "http://143.198.192.204/" "Mozilla/5.0 (Macintosh; Intel Mac OS X 10_15_7) AppleWebKit/537.36 (KHTML, like Gecko) Chrome/128.0.0.0 Safari/537.36"
110.138.171.206 - - [24/Sep/2024:16:22:32 +0000] "GET /wp-content/plugins/learnpress/assets/css/widgets.min.css?ver=4.2.6.5 HTTP/1.0" 200 2925 "http://143.198.192.204/" "Mozilla/5.0 (Macintosh; Intel Mac OS X 10_15_7) AppleWebKit/537.36 (KHTML, like Gecko) Chrome/128.0.0.0 Safari/537.36"
110.138.171.206 - - [24/Sep/2024:16:22:32 +0000] "GET /wp-includes/blocks/navigation/view.min.js?ver=6.6.2 HTTP/1.0" 200 1442 "http://143.198.192.204/" "Mozilla/5.0 (Macintosh; Intel Mac OS X 10_15_7) AppleWebKit/537.36 (KHTML, like Gecko) Chrome/128.0.0.0 Safari/537.36"
110.138.171.206 - - [24/Sep/2024:16:22:32 +0000] "GET /wp-includes/js/dist/interactivity.min.js?ver=6.6.2 HTTP/1.0" 200 13862 "http://143.198.192.204/" "Mozilla/5.0 (Macintosh; Intel Mac OS X 10_15_7) AppleWebKit/537.36 (KHTML, like Gecko) Chrome/128.0.0.0 Safari/537.36"
110.138.171.206 - - [24/Sep/2024:16:22:32 +0000] "GET /wp-content/themes/twentytwentyfour/assets/images/building-exterior.webp HTTP/1.0" 200 199978 "http://143.198.192.204/" "Mozilla/5.0 (Macintosh; Intel Mac OS X 10_15_7) AppleWebKit/537.36 (KHTML, like Gecko) Chrome/128.0.0.0 Safari/537.36"
110.138.171.206 - - [24/Sep/2024:16:22:32 +0000] "GET /wp-content/themes/twentytwentyfour/assets/images/tourist-and-building.webp HTTP/1.0" 200 66735 "http://143.198.192.204/" "Mozilla/5.0 (Macintosh; Intel Mac OS X 10_15_7) AppleWebKit/537.36 (KHTML, like Gecko) Chrome/128.0.0.0 Safari/537.36"
110.138.171.206 - - [24/Sep/2024:16:22:32 +0000] "GET /wp-content/themes/twentytwentyfour/assets/images/windows.webp HTTP/1.0" 200 126498 "http://143.198.192.204/" "Mozilla/5.0 (Macintosh; Intel Mac OS X 10_15_7) AppleWebKit/537.36 (KHTML, like Gecko) Chrome/128.0.0.0 Safari/537.36"
110.138.171.206 - - [24/Sep/2024:16:22:32 +0000] "GET /wp-content/plugins/learnpress/assets/js/dist/loadAJAX.min.js?ver=4.2.6.5 HTTP/1.0" 200 1406 "http://143.198.192.204/" "Mozilla/5.0 (Macintosh; Intel Mac OS X 10_15_7) AppleWebKit/537.36 (KHTML, like Gecko) Chrome/128.0.0.0 Safari/537.36"
110.138.171.206 - - [24/Sep/2024:16:22:32 +0000] "GET /wp-content/themes/twentytwentyfour/assets/fonts/inter/Inter-VariableFont_slnt,wght.woff2 HTTP/1.0" 200 326882 "http://143.198.192.204/" "Mozilla/5.0 (Macintosh; Intel Mac OS X 10_15_7) AppleWebKit/537.36 (KHTML, like Gecko) Chrome/128.0.0.0 Safari/537.36"
110.138.171.206 - - [24/Sep/2024:16:22:32 +0000] "GET /wp-content/themes/twentytwentyfour/assets/fonts/cardo/cardo_normal_400.woff2 HTTP/1.0" 200 146314 "http://143.198.192.204/" "Mozilla/5.0 (Macintosh; Intel Mac OS X 10_15_7) AppleWebKit/537.36 (KHTML, like Gecko) Chrome/128.0.0.0 Safari/537.36"
110.138.171.206 - - [24/Sep/2024:16:22:32 +0000] "GET /wp-content/themes/twentytwentyfour/assets/fonts/cardo/cardo_italic_400.woff2 HTTP/1.0" 200 105438 "http://143.198.192.204/" "Mozilla/5.0 (Macintosh; Intel Mac OS X 10_15_7) AppleWebKit/537.36 (KHTML, like Gecko) Chrome/128.0.0.0 Safari/537.36"
